#-----------------------------------------------------------
# Vivado v2025.1 (64-bit)
# SW Build 6140274 on Thu May 22 00:12:29 MDT 2025
# IP Build 6138677 on Thu May 22 03:10:11 MDT 2025
# SharedData Build 6139179 on Tue May 20 17:58:58 MDT 2025
# Start of session at: Sat Apr  4 13:16:17 2026
# Process ID         : 13648
# Current directory  : C:/Users/nguye/Desktop/RISCV-CNN-SoC/Pipeline_RISCV
# Command line       : vivado.exe -gui_launcher_event rodinguilauncherevent1572 C:\Users\nguye\Desktop\RISCV-CNN-SoC\Pipeline_RISCV\Pipeline_RISCV.xpr
# Log file           : C:/Users/nguye/Desktop/RISCV-CNN-SoC/Pipeline_RISCV/vivado.log
# Journal file       : C:/Users/nguye/Desktop/RISCV-CNN-SoC/Pipeline_RISCV\vivado.jou
# Running On         : DESKTOP-0UL7VKJ
# Platform           : Windows Server 2016 or Windows 10
# Operating System   : 26200
# Processor Detail   : AMD Ryzen 5 5600H with Radeon Graphics         
# CPU Frequency      : 3294 MHz
# CPU Physical cores : 6
# CPU Logical cores  : 12
# Host memory        : 16474 MB
# Swap memory        : 9663 MB
# Total Virtual      : 26138 MB
# Available Virtual  : 10044 MB
#-----------------------------------------------------------
start_gui
open_project C:/Users/nguye/Desktop/RISCV-CNN-SoC/Pipeline_RISCV/Pipeline_RISCV.xpr
update_compile_order -fileset sources_1
export_ip_user_files -of_objects  [get_files C:/Users/nguye/Desktop/RISCV-CNN-SoC/Pipeline_RISCV/Pipeline_RISCV.srcs/sources_1/utils/machine_code.mem] -no_script -reset -force -quiet
remove_files  C:/Users/nguye/Desktop/RISCV-CNN-SoC/Pipeline_RISCV/Pipeline_RISCV.srcs/sources_1/utils/machine_code.mem
add_files -norecurse -scan_for_includes C:/Users/nguye/Desktop/RISCV-CNN-SoC/utils/machine_code.mem
launch_simulation
source tb_riscv.tcl
close_sim
