#-----------------------------------------------------------
# Vivado v2025.1 (64-bit)
# SW Build 6140274 on Thu May 22 00:12:29 MDT 2025
# IP Build 6138677 on Thu May 22 03:10:11 MDT 2025
# SharedData Build 6139179 on Tue May 20 17:58:58 MDT 2025
# Start of session at: Sat May 16 08:35:04 2026
# Process ID         : 21656
# Current directory  : D:/Hoc_Tap/Dai_hoc/HK6/DoAn1/Pipeline_RISCV
# Command line       : vivado.exe -gui_launcher_event rodinguilauncherevent14544 D:\Hoc_Tap\Dai_hoc\HK6\DoAn1\Pipeline_RISCV\Pipeline_RISCV.xpr
# Log file           : D:/Hoc_Tap/Dai_hoc/HK6/DoAn1/Pipeline_RISCV/vivado.log
# Journal file       : D:/Hoc_Tap/Dai_hoc/HK6/DoAn1/Pipeline_RISCV\vivado.jou
# Running On         : Trong_Hieu
# Platform           : Windows Server 2016 or Windows 10
# Operating System   : 26200
# Processor Detail   : AMD Ryzen 5 6600H with Radeon Graphics         
# CPU Frequency      : 3294 MHz
# CPU Physical cores : 6
# CPU Logical cores  : 12
# Host memory        : 16361 MB
# Swap memory        : 16361 MB
# Total Virtual      : 32722 MB
# Available Virtual  : 13454 MB
#-----------------------------------------------------------
start_gui
open_project D:/Hoc_Tap/Dai_hoc/HK6/DoAn1/Pipeline_RISCV/Pipeline_RISCV.xpr
update_compile_order -fileset sources_1
set_property report_strategy {Performance Explore Reports} [get_runs impl_1]
set_property strategy Performance_Explore [get_runs impl_1]
reset_run synth_1
launch_runs impl_1 -jobs 6
wait_on_run impl_1
reset_run synth_1
# Disabling source management mode.  This is to allow the top design properties to be set without GUI intervention.
set_property source_mgmt_mode None [current_project]
set_property top design_1_wrapper [current_fileset]
# Re-enabling previously disabled source management mode.
set_property source_mgmt_mode All [current_project]
update_compile_order -fileset sources_1
launch_runs impl_1 -jobs 6
wait_on_run impl_1
reset_run synth_1
launch_runs synth_1 -jobs 6
wait_on_run synth_1
launch_runs impl_1 -jobs 6
wait_on_run impl_1
open_run impl_1
open_run synth_1 -name synth_1
report_timing_summary -delay_type min_max -report_unconstrained -check_timing_verbose -max_paths 10 -input_pins -routable_nets -name timing_1
launch_simulation
reset_run synth_1
launch_runs synth_1 -jobs 6
wait_on_run synth_1
reset_run synth_1
launch_runs synth_1 -jobs 6
wait_on_run synth_1
launch_runs impl_1 -jobs 6
wait_on_run impl_1
report_timing_summary -delay_type min_max -report_unconstrained -check_timing_verbose -max_paths 10 -input_pins -routable_nets -name timing_2
reset_run impl_1
launch_simulation
source tb_riscv.tcl
refresh_design
report_timing -delay_type min_max -max_paths 10 -sort_by group -input_pins -routable_nets -name timing_1
launch_runs impl_1 -jobs 6
wait_on_run impl_1
current_design impl_1
refresh_design
launch_runs impl_1 -to_step write_bitstream -jobs 6
wait_on_run impl_1
reset_run synth_1
launch_runs synth_1 -jobs 6
wait_on_run synth_1
launch_runs impl_1 -jobs 6
wait_on_run impl_1
current_design synth_1
refresh_design
report_timing_summary -delay_type min_max -report_unconstrained -check_timing_verbose -max_paths 10 -input_pins -routable_nets -name timing_1
open_bd_design {D:/Hoc_Tap/Dai_hoc/HK6/DoAn1/Pipeline_RISCV/Pipeline_RISCV.srcs/sources_1/bd/design_1/design_1.bd}
current_design impl_1
refresh_design
open_bd_design {D:/Hoc_Tap/Dai_hoc/HK6/DoAn1/Pipeline_RISCV/Pipeline_RISCV.srcs/sources_1/bd/design_1/design_1.bd}
close_sim
launch_simulation
source tb_riscv.tcl
run 10000 ns
close_sim
launch_simulation
source tb_riscv.tcl
run all
close_sim _
close_sim
launch_simulation
source tb_riscv.tcl
reset_run synth_1
launch_runs synth_1 -jobs 6
wait_on_run synth_1
launch_runs impl_1 -jobs 6
wait_on_run impl_1
current_design synth_1
refresh_design
report_timing -delay_type min_max -max_paths 10 -sort_by group -input_pins -routable_nets -name timing_1
current_design impl_1
refresh_design
synth_design -top design_1_wrapper -part xck26-sfvc784-2LV-c -lint 
close_sim
launch_simulation
source tb_riscv.tcl
close_sim
launch_simulation
source tb_riscv.tcl
run all
reset_run synth_1
launch_runs synth_1 -jobs 6
wait_on_run synth_1
launch_runs impl_1 -jobs 6
wait_on_run impl_1
refresh_design
open_bd_design {D:/Hoc_Tap/Dai_hoc/HK6/DoAn1/Pipeline_RISCV/Pipeline_RISCV.srcs/sources_1/bd/design_1/design_1.bd}
report_timing_summary -delay_type min_max -report_unconstrained -check_timing_verbose -max_paths 10 -input_pins -routable_nets -name timing_1
close_sim
