Copyright 1986-2022 Xilinx, Inc. All Rights Reserved. Copyright 2022-2025 Advanced Micro Devices, Inc. All Rights Reserved.
-----------------------------------------------------------------------------------------------------------------------------------------------------------
| Tool Version      : Vivado v.2025.1 (win64) Build 6140274 Thu May 22 00:12:29 MDT 2025
| Date              : Sat May 16 13:25:39 2026
| Host              : Trong_Hieu running 64-bit major release  (build 9200)
| Command           : report_bus_skew -warn_on_violation -file route_report_bus_skew_0.rpt -pb route_report_bus_skew_0.pb -rpx route_report_bus_skew_0.rpx
| Design            : design_1_wrapper
| Device            : xck26-sfvc784
| Speed File        : -2LV  PRODUCTION 1.30 05-15-2022
| Design State      : Routed
| Temperature Grade : C
-----------------------------------------------------------------------------------------------------------------------------------------------------------

Bus Skew Report

No bus skew constraints

