
*** Running vivado
    with args -log design_1_wrapper.vdi -applog -m64 -product Vivado -messageDb vivado.pb -mode batch -source design_1_wrapper.tcl -notrace



****** Vivado v2025.1 (64-bit)
  **** SW Build 6140274 on Thu May 22 00:12:29 MDT 2025
  **** IP Build 6138677 on Thu May 22 03:10:11 MDT 2025
  **** SharedData Build 6139179 on Tue May 20 17:58:58 MDT 2025
  **** Start of session at: Sat May 16 13:15:06 2026
    ** Copyright 1986-2022 Xilinx, Inc. All Rights Reserved.
    ** Copyright 2022-2025 Advanced Micro Devices, Inc. All Rights Reserved.

source design_1_wrapper.tcl -notrace
create_project: Time (s): cpu = 00:00:17 ; elapsed = 00:00:13 . Memory (MB): peak = 518.441 ; gain = 212.516
INFO: [IP_Flow 19-234] Refreshing IP repositories
INFO: [IP_Flow 19-1704] No user IP repositories specified
INFO: [IP_Flow 19-2313] Loaded Vivado IP repository 'C:/Xilinx/2025.1/Vivado/data/ip'.
add_files: Time (s): cpu = 00:00:08 ; elapsed = 00:00:10 . Memory (MB): peak = 587.098 ; gain = 68.656
Command: link_design -top design_1_wrapper -part xck26-sfvc784-2LV-c
Design is defaulting to srcset: sources_1
Design is defaulting to constrset: constrs_1
INFO: [Device 21-403] Loading part xck26-sfvc784-2LV-c
Netlist sorting complete. Time (s): cpu = 00:00:01 ; elapsed = 00:00:01 . Memory (MB): peak = 1632.086 ; gain = 0.000
INFO: [Netlist 29-17] Analyzing 578 Unisim elements for replacement
INFO: [Netlist 29-28] Unisim Transformation completed in 1 CPU seconds
INFO: [Project 1-479] Netlist was created with Vivado 2025.1
INFO: [Project 1-570] Preparing netlist for logic optimization
Parsing XDC File [d:/Hoc_Tap/Dai_hoc/HK6/DoAn1/Pipeline_RISCV/Pipeline_RISCV.gen/sources_1/bd/design_1/ip/design_1_zynq_ultra_ps_e_0_0/design_1_zynq_ultra_ps_e_0_0.xdc] for cell 'design_1_i/zynq_ultra_ps_e_0/inst'
create_clock: Time (s): cpu = 00:00:09 ; elapsed = 00:00:10 . Memory (MB): peak = 1670.266 ; gain = 38.180
Finished Parsing XDC File [d:/Hoc_Tap/Dai_hoc/HK6/DoAn1/Pipeline_RISCV/Pipeline_RISCV.gen/sources_1/bd/design_1/ip/design_1_zynq_ultra_ps_e_0_0/design_1_zynq_ultra_ps_e_0_0.xdc] for cell 'design_1_i/zynq_ultra_ps_e_0/inst'
Parsing XDC File [d:/Hoc_Tap/Dai_hoc/HK6/DoAn1/Pipeline_RISCV/Pipeline_RISCV.gen/sources_1/bd/design_1/ip/design_1_axi_gpio_0_0/design_1_axi_gpio_0_0_board.xdc] for cell 'design_1_i/axi_gpio_0/U0'
Finished Parsing XDC File [d:/Hoc_Tap/Dai_hoc/HK6/DoAn1/Pipeline_RISCV/Pipeline_RISCV.gen/sources_1/bd/design_1/ip/design_1_axi_gpio_0_0/design_1_axi_gpio_0_0_board.xdc] for cell 'design_1_i/axi_gpio_0/U0'
Parsing XDC File [d:/Hoc_Tap/Dai_hoc/HK6/DoAn1/Pipeline_RISCV/Pipeline_RISCV.gen/sources_1/bd/design_1/ip/design_1_axi_smc_3/bd_0/ip/ip_1/bd_ae83_psr_aclk_0_board.xdc] for cell 'design_1_i/axi_smc/inst/clk_map/psr_aclk/U0'
Finished Parsing XDC File [d:/Hoc_Tap/Dai_hoc/HK6/DoAn1/Pipeline_RISCV/Pipeline_RISCV.gen/sources_1/bd/design_1/ip/design_1_axi_smc_3/bd_0/ip/ip_1/bd_ae83_psr_aclk_0_board.xdc] for cell 'design_1_i/axi_smc/inst/clk_map/psr_aclk/U0'
Parsing XDC File [d:/Hoc_Tap/Dai_hoc/HK6/DoAn1/Pipeline_RISCV/Pipeline_RISCV.gen/sources_1/bd/design_1/ip/design_1_axi_smc_3/smartconnect.xdc] for cell 'design_1_i/axi_smc/inst'
Finished Parsing XDC File [d:/Hoc_Tap/Dai_hoc/HK6/DoAn1/Pipeline_RISCV/Pipeline_RISCV.gen/sources_1/bd/design_1/ip/design_1_axi_smc_3/smartconnect.xdc] for cell 'design_1_i/axi_smc/inst'
Parsing XDC File [d:/Hoc_Tap/Dai_hoc/HK6/DoAn1/Pipeline_RISCV/Pipeline_RISCV.gen/sources_1/bd/design_1/ip/design_1_rst_ps8_0_99M_3/design_1_rst_ps8_0_99M_3_board.xdc] for cell 'design_1_i/rst_ps8_0_99M/U0'
Finished Parsing XDC File [d:/Hoc_Tap/Dai_hoc/HK6/DoAn1/Pipeline_RISCV/Pipeline_RISCV.gen/sources_1/bd/design_1/ip/design_1_rst_ps8_0_99M_3/design_1_rst_ps8_0_99M_3_board.xdc] for cell 'design_1_i/rst_ps8_0_99M/U0'
INFO: [Project 1-1714] 108 XPM XDC files have been applied to the design.
INFO: [Opt 31-138] Pushed 0 inverter(s) to 0 load pin(s).
Netlist sorting complete. Time (s): cpu = 00:00:00 ; elapsed = 00:00:00.026 . Memory (MB): peak = 2551.855 ; gain = 0.000
INFO: [Project 1-111] Unisim Transformation Summary:
  A total of 162 instances were transformed.
  RAM16X1D => RAM32X1D (RAMD32(x2)): 6 instances
  RAM32M16 => RAM32M16 (RAMD32(x14), RAMS32(x2)): 156 instances

11 Infos, 0 Warnings, 0 Critical Warnings and 0 Errors encountered.
link_design completed successfully
link_design: Time (s): cpu = 00:00:48 ; elapsed = 00:00:57 . Memory (MB): peak = 2551.855 ; gain = 1964.758
Command: opt_design -directive Explore
INFO: [Vivado_Tcl 4-136] Directive used for opt_design is: Explore
Attempting to get a license for feature 'Implementation' and/or device 'xck26'
INFO: [Common 17-349] Got license for feature 'Implementation' and/or device 'xck26'
Running DRC as a precondition to command opt_design

Starting DRC Task
INFO: [DRC 23-27] Running DRC with 2 threads
INFO: [Project 1-461] DRC finished with 0 Errors
INFO: [Project 1-462] Please refer to the DRC report (report_drc) for more information.

Time (s): cpu = 00:00:03 ; elapsed = 00:00:02 . Memory (MB): peak = 2551.855 ; gain = 0.000

Starting Logic Optimization Task

Phase 1 Initialization

Phase 1.1 Core Generation And Design Setup
Phase 1.1 Core Generation And Design Setup | Checksum: 17c3c8f8c

Time (s): cpu = 00:00:00 ; elapsed = 00:00:00.090 . Memory (MB): peak = 2884.273 ; gain = 0.000

Phase 1.2 Setup Constraints And Sort Netlist
Phase 1.2 Setup Constraints And Sort Netlist | Checksum: 17c3c8f8c

Time (s): cpu = 00:00:00 ; elapsed = 00:00:00.150 . Memory (MB): peak = 2884.273 ; gain = 0.000
Phase 1 Initialization | Checksum: 17c3c8f8c

Time (s): cpu = 00:00:00 ; elapsed = 00:00:00.157 . Memory (MB): peak = 2884.273 ; gain = 0.000

Phase 2 Timer Update And Timing Data Collection

Phase 2.1 Timer Update
INFO: [Timing 38-35] Done setting XDC timing constraints.
Phase 2.1 Timer Update | Checksum: 17c3c8f8c

Time (s): cpu = 00:00:05 ; elapsed = 00:00:04 . Memory (MB): peak = 2915.859 ; gain = 31.586

Phase 2.2 Timing Data Collection
Phase 2.2 Timing Data Collection | Checksum: 17c3c8f8c

Time (s): cpu = 00:00:05 ; elapsed = 00:00:04 . Memory (MB): peak = 2915.859 ; gain = 31.586
Phase 2 Timer Update And Timing Data Collection | Checksum: 17c3c8f8c

Time (s): cpu = 00:00:05 ; elapsed = 00:00:04 . Memory (MB): peak = 2915.859 ; gain = 31.586

Phase 3 Retarget
INFO: [Opt 31-1851] Number of loadless carry chains removed were: 0
INFO: [Opt 31-1834] Total Chains To Be Transformed Were: 0 AND Number of Transformed insts Created are: 0
INFO: [Opt 31-1566] Pulled 8 inverters resulting in an inversion of 45 pins
INFO: [Opt 31-138] Pushed 89 inverter(s) to 2006 load pin(s).
INFO: [Opt 31-49] Retargeted 0 cell(s).
Phase 3 Retarget | Checksum: 24b6e8b68

Time (s): cpu = 00:00:06 ; elapsed = 00:00:05 . Memory (MB): peak = 2915.859 ; gain = 31.586
Retarget | Checksum: 24b6e8b68
INFO: [Opt 31-389] Phase Retarget created 24 cells and removed 387 cells
INFO: [Opt 31-1021] In phase Retarget, 100 netlist objects are constrained preventing optimization. Please run opt_design with -debug_log to get more detail. 

Phase 4 Constant propagation
INFO: [Opt 31-138] Pushed 0 inverter(s) to 0 load pin(s).
Phase 4 Constant propagation | Checksum: 1db5fb8b4

Time (s): cpu = 00:00:07 ; elapsed = 00:00:05 . Memory (MB): peak = 2915.859 ; gain = 31.586
Constant propagation | Checksum: 1db5fb8b4
INFO: [Opt 31-389] Phase Constant propagation created 64 cells and removed 99 cells
INFO: [Opt 31-1021] In phase Constant propagation, 100 netlist objects are constrained preventing optimization. Please run opt_design with -debug_log to get more detail. 

Phase 5 Sweep
INFO: [Constraints 18-11670] Building netlist checker database with flags, 0x8
Done building netlist checker database: Time (s): cpu = 00:00:00 ; elapsed = 00:00:00.044 . Memory (MB): peak = 2915.859 ; gain = 0.000
INFO: [Constraints 18-11670] Building netlist checker database with flags, 0x8
Done building netlist checker database: Time (s): cpu = 00:00:00 ; elapsed = 00:00:00.032 . Memory (MB): peak = 2915.859 ; gain = 0.000
Phase 5 Sweep | Checksum: 19f098ab5

Time (s): cpu = 00:00:08 ; elapsed = 00:00:07 . Memory (MB): peak = 2915.859 ; gain = 31.586
Sweep | Checksum: 19f098ab5
INFO: [Opt 31-389] Phase Sweep created 0 cells and removed 106 cells
INFO: [Opt 31-1021] In phase Sweep, 126 netlist objects are constrained preventing optimization. Please run opt_design with -debug_log to get more detail. 

Phase 6 BUFG optimization
INFO: [Opt 31-1077] Phase BUFG optimization inserted 0 global clock buffer(s) for CLOCK_LOW_FANOUT.
Phase 6 BUFG optimization | Checksum: 19f098ab5

Time (s): cpu = 00:00:10 ; elapsed = 00:00:08 . Memory (MB): peak = 2915.859 ; gain = 31.586
BUFG optimization | Checksum: 19f098ab5
INFO: [Opt 31-662] Phase BUFG optimization created 0 cells of which 0 are BUFGs and removed 0 cells.

Phase 7 Shift Register Optimization
INFO: [Opt 31-1064] SRL Remap converted 0 SRLs to 0 registers and converted 0 registers of register chains to 0 SRLs
Phase 7 Shift Register Optimization | Checksum: 19f098ab5

Time (s): cpu = 00:00:10 ; elapsed = 00:00:08 . Memory (MB): peak = 2915.859 ; gain = 31.586
Shift Register Optimization | Checksum: 19f098ab5
INFO: [Opt 31-389] Phase Shift Register Optimization created 0 cells and removed 0 cells
INFO: [Opt 31-1555] control_set_opt supports Versal devices only, and device xck26 is unsupported

Phase 8 Post Processing Netlist
Phase 8 Post Processing Netlist | Checksum: 19f098ab5

Time (s): cpu = 00:00:10 ; elapsed = 00:00:08 . Memory (MB): peak = 2915.859 ; gain = 31.586
Post Processing Netlist | Checksum: 19f098ab5
INFO: [Opt 31-389] Phase Post Processing Netlist created 0 cells and removed 0 cells
INFO: [Opt 31-1021] In phase Post Processing Netlist, 100 netlist objects are constrained preventing optimization. Please run opt_design with -debug_log to get more detail. 

Phase 9 Finalization

Phase 9.1 Finalizing Design Cores and Updating Shapes
Phase 9.1 Finalizing Design Cores and Updating Shapes | Checksum: 147ece137

Time (s): cpu = 00:00:10 ; elapsed = 00:00:09 . Memory (MB): peak = 2915.859 ; gain = 31.586

Phase 9.2 Verifying Netlist Connectivity

Starting Connectivity Check Task

Time (s): cpu = 00:00:00 ; elapsed = 00:00:00.094 . Memory (MB): peak = 2915.859 ; gain = 0.000
Phase 9.2 Verifying Netlist Connectivity | Checksum: 147ece137

Time (s): cpu = 00:00:10 ; elapsed = 00:00:09 . Memory (MB): peak = 2915.859 ; gain = 31.586
Phase 9 Finalization | Checksum: 147ece137

Time (s): cpu = 00:00:10 ; elapsed = 00:00:09 . Memory (MB): peak = 2915.859 ; gain = 31.586
Opt_design Change Summary
=========================


-------------------------------------------------------------------------------------------------------------------------
|  Phase                        |  #Cells created  |  #Cells Removed  |  #Constrained objects preventing optimizations  |
-------------------------------------------------------------------------------------------------------------------------
|  Retarget                     |              24  |             387  |                                            100  |
|  Constant propagation         |              64  |              99  |                                            100  |
|  Sweep                        |               0  |             106  |                                            126  |
|  BUFG optimization            |               0  |               0  |                                              0  |
|  Shift Register Optimization  |               0  |               0  |                                              0  |
|  Post Processing Netlist      |               0  |               0  |                                            100  |
-------------------------------------------------------------------------------------------------------------------------


Ending Logic Optimization Task | Checksum: 147ece137

Time (s): cpu = 00:00:11 ; elapsed = 00:00:09 . Memory (MB): peak = 2915.859 ; gain = 31.586

Starting Netlist Obfuscation Task
Netlist sorting complete. Time (s): cpu = 00:00:00 ; elapsed = 00:00:00.040 . Memory (MB): peak = 2915.859 ; gain = 0.000
Ending Netlist Obfuscation Task | Checksum: 147ece137

Time (s): cpu = 00:00:00 ; elapsed = 00:00:00.047 . Memory (MB): peak = 2915.859 ; gain = 0.000
INFO: [Common 17-83] Releasing license: Implementation
39 Infos, 0 Warnings, 0 Critical Warnings and 0 Errors encountered.
opt_design completed successfully
opt_design: Time (s): cpu = 00:00:20 ; elapsed = 00:00:17 . Memory (MB): peak = 2915.859 ; gain = 364.004
INFO: [Vivado 12-24828] Executing command : report_drc -file opt_report_drc_0.rpt -pb opt_report_drc_0.pb -rpx opt_report_drc_0.rpx
Command: report_drc -file opt_report_drc_0.rpt -pb opt_report_drc_0.pb -rpx opt_report_drc_0.rpx
INFO: [IP_Flow 19-1839] IP Catalog is up to date.
INFO: [Timing 38-35] Done setting XDC timing constraints.
INFO: [DRC 23-27] Running DRC with 2 threads
INFO: [Vivado_Tcl 2-168] The results of DRC are in file D:/Hoc_Tap/Dai_hoc/HK6/DoAn1/Pipeline_RISCV/Pipeline_RISCV.runs/impl_1/opt_report_drc_0.rpt.
report_drc completed successfully
report_drc: Time (s): cpu = 00:00:37 ; elapsed = 00:00:33 . Memory (MB): peak = 4124.105 ; gain = 1208.246
INFO: [Vivado 12-24828] Executing command : report_methodology -file opt_report_methodology_0.rpt -pb opt_report_methodology_0.pb -rpx opt_report_methodology_0.rpx
Command: report_methodology -file opt_report_methodology_0.rpt -pb opt_report_methodology_0.pb -rpx opt_report_methodology_0.rpx
INFO: [Timing 38-35] Done setting XDC timing constraints.
INFO: [DRC 23-133] Running Methodology with 2 threads
INFO: [Vivado_Tcl 2-1520] The results of Report Methodology are in file D:/Hoc_Tap/Dai_hoc/HK6/DoAn1/Pipeline_RISCV/Pipeline_RISCV.runs/impl_1/opt_report_methodology_0.rpt.
report_methodology completed successfully
report_methodology: Time (s): cpu = 00:00:19 ; elapsed = 00:00:11 . Memory (MB): peak = 4124.105 ; gain = 0.000
INFO: [Vivado 12-24828] Executing command : report_timing_summary -max_paths 10 -report_unconstrained -file opt_report_timing_summary_0.rpt -pb opt_report_timing_summary_0.pb -rpx opt_report_timing_summary_0.rpx
INFO: [Timing 38-35] Done setting XDC timing constraints.
INFO: [Timing 38-91] UpdateTimingParams: Speed grade: -2LV, Temperature grade: C, Delay Type: min_max.
INFO: [Timing 38-191] Multithreading enabled for timing update using a maximum of 2 CPUs
report_timing_summary: Time (s): cpu = 00:00:09 ; elapsed = 00:00:06 . Memory (MB): peak = 4124.105 ; gain = 0.000
INFO: [Vivado 12-24828] Executing command : report_utilization -file opt_report_utilization_0.rpt -pb opt_report_utilization_0.pb
generate_parallel_reports: Time (s): cpu = 00:01:05 ; elapsed = 00:00:50 . Memory (MB): peak = 4124.105 ; gain = 1208.246
INFO: [Timing 38-480] Writing timing data to binary archive.
Write ShapeDB Complete: Time (s): cpu = 00:00:01 ; elapsed = 00:00:00.120 . Memory (MB): peak = 4124.105 ; gain = 0.000
INFO: [Common 17-1381] The checkpoint 'D:/Hoc_Tap/Dai_hoc/HK6/DoAn1/Pipeline_RISCV/Pipeline_RISCV.runs/impl_1/design_1_wrapper_opt.dcp' has been generated.
write_checkpoint: Time (s): cpu = 00:00:07 ; elapsed = 00:00:05 . Memory (MB): peak = 4124.105 ; gain = 0.000
Command: place_design -directive Explore
Attempting to get a license for feature 'Implementation' and/or device 'xck26'
INFO: [Common 17-349] Got license for feature 'Implementation' and/or device 'xck26'
INFO: [Common 17-83] Releasing license: Implementation
INFO: [DRC 23-27] Running DRC with 2 threads
INFO: [Vivado_Tcl 4-198] DRC finished with 0 Errors
INFO: [Vivado_Tcl 4-199] Please refer to the DRC report (report_drc) for more information.
INFO: [Vivado_Tcl 4-2302] The placer was invoked with the 'Explore' directive.
Running DRC as a precondition to command place_design
INFO: [DRC 23-27] Running DRC with 2 threads
INFO: [Vivado_Tcl 4-198] DRC finished with 0 Errors
INFO: [Vivado_Tcl 4-199] Please refer to the DRC report (report_drc) for more information.
INFO: [Place 30-611] Multithreading enabled for place_design using a maximum of 2 CPUs

Starting Placer Task

Phase 1 Placer Initialization

Phase 1.1 Placer Initialization Netlist Sorting
Netlist sorting complete. Time (s): cpu = 00:00:00 ; elapsed = 00:00:00.033 . Memory (MB): peak = 4124.105 ; gain = 0.000
Phase 1.1 Placer Initialization Netlist Sorting | Checksum: 136423db6

Time (s): cpu = 00:00:00 ; elapsed = 00:00:00.052 . Memory (MB): peak = 4124.105 ; gain = 0.000
Netlist sorting complete. Time (s): cpu = 00:00:00 ; elapsed = 00:00:00.035 . Memory (MB): peak = 4124.105 ; gain = 0.000

Phase 1.2 IO Placement/ Clock Placement/ Build Placer Device
Phase 1.2 IO Placement/ Clock Placement/ Build Placer Device | Checksum: 1652b4cab

Time (s): cpu = 00:00:07 ; elapsed = 00:00:06 . Memory (MB): peak = 4124.105 ; gain = 0.000

Phase 1.3 Build Placer Netlist Model
Phase 1.3 Build Placer Netlist Model | Checksum: 1860fcbac

Time (s): cpu = 00:00:24 ; elapsed = 00:00:20 . Memory (MB): peak = 4124.105 ; gain = 0.000

Phase 1.4 Constrain Clocks/Macros
Phase 1.4 Constrain Clocks/Macros | Checksum: 1860fcbac

Time (s): cpu = 00:00:24 ; elapsed = 00:00:20 . Memory (MB): peak = 4124.105 ; gain = 0.000
Phase 1 Placer Initialization | Checksum: 1860fcbac

Time (s): cpu = 00:00:25 ; elapsed = 00:00:20 . Memory (MB): peak = 4124.105 ; gain = 0.000

Phase 2 Global Placement

Phase 2.1 Floorplanning

Phase 2.1.1 Partition Driven Placement

Phase 2.1.1.1 PBP: Partition Driven Placement
Phase 2.1.1.1 PBP: Partition Driven Placement | Checksum: 1a04c132c

Time (s): cpu = 00:00:43 ; elapsed = 00:00:32 . Memory (MB): peak = 4124.105 ; gain = 0.000

Phase 2.1.1.2 PBP: Clock Region Placement
INFO: [Place 30-3162] Check ILP status : ILP-based clock placer completed successfully.
Phase 2.1.1.2 PBP: Clock Region Placement | Checksum: 236f90214

Time (s): cpu = 00:00:45 ; elapsed = 00:00:33 . Memory (MB): peak = 4124.105 ; gain = 0.000

Phase 2.1.1.3 PBP: Compute Congestion
Phase 2.1.1.3 PBP: Compute Congestion | Checksum: 236f90214

Time (s): cpu = 00:01:04 ; elapsed = 00:00:44 . Memory (MB): peak = 4124.105 ; gain = 0.000

Phase 2.1.1.4 PBP: UpdateTiming
Phase 2.1.1.4 PBP: UpdateTiming | Checksum: 2082286b5

Time (s): cpu = 00:01:08 ; elapsed = 00:00:48 . Memory (MB): peak = 4124.105 ; gain = 0.000

Phase 2.1.1.5 PBP: Add part constraints
Phase 2.1.1.5 PBP: Add part constraints | Checksum: 2082286b5

Time (s): cpu = 00:01:08 ; elapsed = 00:00:48 . Memory (MB): peak = 4124.105 ; gain = 0.000
Phase 2.1.1 Partition Driven Placement | Checksum: 2082286b5

Time (s): cpu = 00:01:08 ; elapsed = 00:00:48 . Memory (MB): peak = 4124.105 ; gain = 0.000
Phase 2.1 Floorplanning | Checksum: 178b0340a

Time (s): cpu = 00:01:08 ; elapsed = 00:00:48 . Memory (MB): peak = 4124.105 ; gain = 0.000

Phase 2.2 Update Timing before SLR Path Opt
Phase 2.2 Update Timing before SLR Path Opt | Checksum: 178b0340a

Time (s): cpu = 00:01:08 ; elapsed = 00:00:48 . Memory (MB): peak = 4124.105 ; gain = 0.000

Phase 2.3 Post-Processing in Floorplanning
Phase 2.3 Post-Processing in Floorplanning | Checksum: 178b0340a

Time (s): cpu = 00:01:08 ; elapsed = 00:00:48 . Memory (MB): peak = 4124.105 ; gain = 0.000

Phase 2.4 Global Place Phase1
Phase 2.4 Global Place Phase1 | Checksum: 27feb0f69

Time (s): cpu = 00:02:41 ; elapsed = 00:01:46 . Memory (MB): peak = 4124.105 ; gain = 0.000

Phase 2.5 Global Place Phase2

Phase 2.5.1 UpdateTiming Before Physical Synthesis
Phase 2.5.1 UpdateTiming Before Physical Synthesis | Checksum: 33e997bcd

Time (s): cpu = 00:02:48 ; elapsed = 00:01:51 . Memory (MB): peak = 4124.105 ; gain = 0.000

Phase 2.5.2 Physical Synthesis In Placer
INFO: [Physopt 32-1035] Found 0 LUTNM shape to break, 704 LUT instances to create LUTNM shape
INFO: [Physopt 32-1044] Break lutnm for timing: one critical 0, two critical 0, total 0, new lutff created 0
INFO: [Physopt 32-1138] End 1 Pass. Optimized 285 nets or LUTs. Breaked 0 LUT, combined 285 existing LUTs and moved 0 existing LUT
INFO: [Physopt 32-670] No setup violation found.  Equivalent Driver Rewiring was not performed.
INFO: [Physopt 32-65] No nets found for high-fanout optimization.
INFO: [Physopt 32-232] Optimized 0 net. Created 0 new instance.
INFO: [Physopt 32-775] End 1 Pass. Optimized 0 net or cell. Created 0 new cell, deleted 0 existing cell and moved 0 existing cell
INFO: [Physopt 32-670] No setup violation found.  DSP Register Optimization was not performed.
INFO: [Physopt 32-670] No setup violation found.  Shift Register to Pipeline Optimization was not performed.
INFO: [Physopt 32-670] No setup violation found.  Shift Register Optimization was not performed.
INFO: [Physopt 32-670] No setup violation found.  BRAM Register Optimization was not performed.
INFO: [Physopt 32-670] No setup violation found.  URAM Register Optimization was not performed.
INFO: [Physopt 32-949] No candidate nets found for dynamic/static region interface net replication
INFO: [Physopt 32-775] End 1 Pass. Optimized 0 net or cell. Created 0 new cell, deleted 0 existing cell and moved 0 existing cell
Netlist sorting complete. Time (s): cpu = 00:00:00 ; elapsed = 00:00:00.036 . Memory (MB): peak = 4124.105 ; gain = 0.000

Summary of Physical Synthesis Optimizations
============================================


-----------------------------------------------------------------------------------------------------------------------------------------------------------
|  Optimization                                     |  Added Cells  |  Removed Cells  |  Optimized Cells/Nets  |  Dont Touch  |  Iterations  |  Elapsed   |
-----------------------------------------------------------------------------------------------------------------------------------------------------------
|  LUT Combining                                    |            0  |            285  |                   285  |           0  |           1  |  00:00:01  |
|  Retime                                           |            0  |              0  |                     0  |           0  |           1  |  00:00:00  |
|  Equivalent Driver Rewiring                       |            0  |              0  |                     0  |           0  |           0  |  00:00:00  |
|  Very High Fanout                                 |            0  |              0  |                     0  |           0  |           1  |  00:00:00  |
|  DSP Register                                     |            0  |              0  |                     0  |           0  |           0  |  00:00:00  |
|  Shift Register to Pipeline                       |            0  |              0  |                     0  |           0  |           0  |  00:00:00  |
|  Shift Register                                   |            0  |              0  |                     0  |           0  |           0  |  00:00:00  |
|  BRAM Register                                    |            0  |              0  |                     0  |           0  |           0  |  00:00:00  |
|  URAM Register                                    |            0  |              0  |                     0  |           0  |           0  |  00:00:00  |
|  Dynamic/Static Region Interface Net Replication  |            0  |              0  |                     0  |           0  |           1  |  00:00:00  |
|  Total                                            |            0  |            285  |                   285  |           0  |           4  |  00:00:01  |
-----------------------------------------------------------------------------------------------------------------------------------------------------------


Phase 2.5.2 Physical Synthesis In Placer | Checksum: 27197b7b4

Time (s): cpu = 00:02:54 ; elapsed = 00:01:56 . Memory (MB): peak = 4124.105 ; gain = 0.000
Phase 2.5 Global Place Phase2 | Checksum: 2834c9af7

Time (s): cpu = 00:03:15 ; elapsed = 00:02:09 . Memory (MB): peak = 4124.105 ; gain = 0.000
Phase 2 Global Placement | Checksum: 2834c9af7

Time (s): cpu = 00:03:15 ; elapsed = 00:02:09 . Memory (MB): peak = 4124.105 ; gain = 0.000

Phase 3 Detail Placement

Phase 3.1 Commit Multi Column Macros
Phase 3.1 Commit Multi Column Macros | Checksum: 22b444673

Time (s): cpu = 00:03:40 ; elapsed = 00:02:23 . Memory (MB): peak = 4124.105 ; gain = 0.000

Phase 3.2 Commit Most Macros & LUTRAMs
Phase 3.2 Commit Most Macros & LUTRAMs | Checksum: 1df530745

Time (s): cpu = 00:03:50 ; elapsed = 00:02:32 . Memory (MB): peak = 4124.105 ; gain = 0.000

Phase 3.3 Small Shape DP

Phase 3.3.1 Small Shape Clustering
Phase 3.3.1 Small Shape Clustering | Checksum: 1dd40ab9a

Time (s): cpu = 00:04:29 ; elapsed = 00:02:55 . Memory (MB): peak = 4124.105 ; gain = 0.000

Phase 3.3.2 Slice Area Swap

Phase 3.3.2.1 Slice Area Swap Initial
Phase 3.3.2.1 Slice Area Swap Initial | Checksum: 2b5d0760f

Time (s): cpu = 00:04:53 ; elapsed = 00:03:10 . Memory (MB): peak = 4124.105 ; gain = 0.000
Phase 3.3.2 Slice Area Swap | Checksum: 2b5d0760f

Time (s): cpu = 00:04:54 ; elapsed = 00:03:11 . Memory (MB): peak = 4124.105 ; gain = 0.000
Phase 3.3 Small Shape DP | Checksum: 236aafff3

Time (s): cpu = 00:05:44 ; elapsed = 00:03:39 . Memory (MB): peak = 4124.105 ; gain = 0.000

Phase 3.4 Re-assign LUT pins
Phase 3.4 Re-assign LUT pins | Checksum: 2a24f844d

Time (s): cpu = 00:05:46 ; elapsed = 00:03:41 . Memory (MB): peak = 4124.105 ; gain = 0.000

Phase 3.5 Pipeline Register Optimization
Phase 3.5 Pipeline Register Optimization | Checksum: 24f05e255

Time (s): cpu = 00:05:46 ; elapsed = 00:03:41 . Memory (MB): peak = 4124.105 ; gain = 0.000
Phase 3 Detail Placement | Checksum: 24f05e255

Time (s): cpu = 00:05:47 ; elapsed = 00:03:41 . Memory (MB): peak = 4124.105 ; gain = 0.000

Phase 4 Post Placement Optimization and Clean-Up

Phase 4.1 Post Commit Optimization
INFO: [Timing 38-35] Done setting XDC timing constraints.

Phase 4.1.1 Post Placement Optimization
Post Placement Optimization Initialization | Checksum: 1fa28ab4c

Phase 4.1.1.1 BUFG Insertion

Starting Physical Synthesis Task

Phase 1 Physical Synthesis Initialization
INFO: [Physopt 32-721] Multithreading enabled for phys_opt_design using a maximum of 2 CPUs
INFO: [Physopt 32-619] Estimated Timing Summary | WNS=3.352 | TNS=0.000 |
Phase 1 Physical Synthesis Initialization | Checksum: 7f1341bf

Time (s): cpu = 00:00:01 ; elapsed = 00:00:01 . Memory (MB): peak = 4124.105 ; gain = 0.000
INFO: [Place 46-35] Processed net design_1_i/riscv_wrapper_0/inst/core_rst_n_r, inserted BUFG to drive 1465 loads.
INFO: [Place 46-45] Replicated bufg driver design_1_i/riscv_wrapper_0/inst/core_rst_n_r_reg_replica
INFO: [Place 46-56] BUFG insertion identified 1 candidate nets. Inserted BUFG: 1, Replicated BUFG Driver: 1, Skipped due to Placement/Routing Conflicts: 0, Skipped due to Timing Degradation: 0, Skipped due to netlist editing failed: 0.
Ending Physical Synthesis Task | Checksum: 227f50a59

Time (s): cpu = 00:00:03 ; elapsed = 00:00:02 . Memory (MB): peak = 4124.105 ; gain = 0.000
Phase 4.1.1.1 BUFG Insertion | Checksum: 238660816

Time (s): cpu = 00:06:33 ; elapsed = 00:04:12 . Memory (MB): peak = 4124.105 ; gain = 0.000

Phase 4.1.1.2 Post Placement Timing Optimization
INFO: [Place 30-746] Post Placement Timing Summary WNS=3.352. For the most accurate timing information please run report_timing.
Phase 4.1.1.2 Post Placement Timing Optimization | Checksum: 1a85f372b

Time (s): cpu = 00:06:33 ; elapsed = 00:04:12 . Memory (MB): peak = 4124.105 ; gain = 0.000

Time (s): cpu = 00:06:33 ; elapsed = 00:04:12 . Memory (MB): peak = 4124.105 ; gain = 0.000
Phase 4.1 Post Commit Optimization | Checksum: 1a85f372b

Time (s): cpu = 00:06:34 ; elapsed = 00:04:12 . Memory (MB): peak = 4124.105 ; gain = 0.000
Netlist sorting complete. Time (s): cpu = 00:00:00 ; elapsed = 00:00:00.048 . Memory (MB): peak = 4124.105 ; gain = 0.000

Phase 4.2 Post Placement Cleanup
Phase 4.2 Post Placement Cleanup | Checksum: 1291d5942

Time (s): cpu = 00:06:59 ; elapsed = 00:04:30 . Memory (MB): peak = 4124.105 ; gain = 0.000

Phase 4.3 Placer Reporting

Phase 4.3.1 Print Estimated Congestion
INFO: [Place 30-612] Post-Placement Estimated Congestion 
 ________________________________________________________________________
|           | Global Congestion | Long Congestion   | Short Congestion  |
| Direction | Region Size       | Region Size       | Region Size       |
|___________|___________________|___________________|___________________|
|      North|                1x1|                1x1|                2x2|
|___________|___________________|___________________|___________________|
|      South|                1x1|                1x1|                4x4|
|___________|___________________|___________________|___________________|
|       East|                1x1|                1x1|                4x4|
|___________|___________________|___________________|___________________|
|       West|                1x1|                1x1|                4x4|
|___________|___________________|___________________|___________________|

Phase 4.3.1 Print Estimated Congestion | Checksum: 1291d5942

Time (s): cpu = 00:06:59 ; elapsed = 00:04:31 . Memory (MB): peak = 4124.105 ; gain = 0.000
Phase 4.3 Placer Reporting | Checksum: 1291d5942

Time (s): cpu = 00:07:00 ; elapsed = 00:04:31 . Memory (MB): peak = 4124.105 ; gain = 0.000

Phase 4.4 Final Placement Cleanup
Netlist sorting complete. Time (s): cpu = 00:00:00 ; elapsed = 00:00:00.036 . Memory (MB): peak = 4124.105 ; gain = 0.000

Time (s): cpu = 00:07:00 ; elapsed = 00:04:31 . Memory (MB): peak = 4124.105 ; gain = 0.000
Phase 4 Post Placement Optimization and Clean-Up | Checksum: 1db7c172f

Time (s): cpu = 00:07:00 ; elapsed = 00:04:31 . Memory (MB): peak = 4124.105 ; gain = 0.000
Ending Placer Task | Checksum: 1ac5025a8

Time (s): cpu = 00:07:00 ; elapsed = 00:04:31 . Memory (MB): peak = 4124.105 ; gain = 0.000
88 Infos, 0 Warnings, 0 Critical Warnings and 0 Errors encountered.
place_design completed successfully
place_design: Time (s): cpu = 00:07:10 ; elapsed = 00:04:37 . Memory (MB): peak = 4124.105 ; gain = 0.000
INFO: [Vivado 12-24838] Running report commands "report_incremental_reuse, report_io" in parallel.
Running report generation with 2 threads.
INFO: [Vivado 12-24828] Executing command : report_incremental_reuse -file place_report_incremental_reuse_0.rpt
INFO: [Vivado_Tcl 4-1062] Incremental flow is disabled. No incremental reuse Info to report.
INFO: [Vivado 12-24828] Executing command : report_io -file place_report_io_0.rpt
report_io: Time (s): cpu = 00:00:01 ; elapsed = 00:00:00.211 . Memory (MB): peak = 4124.105 ; gain = 0.000
INFO: [Timing 38-480] Writing timing data to binary archive.
Write ShapeDB Complete: Time (s): cpu = 00:00:01 ; elapsed = 00:00:00.287 . Memory (MB): peak = 4124.105 ; gain = 0.000
Wrote PlaceDB: Time (s): cpu = 00:00:08 ; elapsed = 00:00:03 . Memory (MB): peak = 4124.105 ; gain = 0.000
Wrote PulsedLatchDB: Time (s): cpu = 00:00:00 ; elapsed = 00:00:00 . Memory (MB): peak = 4124.105 ; gain = 0.000
Writing XDEF routing.
Writing XDEF routing logical nets.
Writing XDEF routing special nets.
Wrote RouteStorage: Time (s): cpu = 00:00:01 ; elapsed = 00:00:00.176 . Memory (MB): peak = 4124.105 ; gain = 0.000
Wrote Netlist Cache: Time (s): cpu = 00:00:00 ; elapsed = 00:00:00.051 . Memory (MB): peak = 4124.105 ; gain = 0.000
Wrote Device Cache: Time (s): cpu = 00:00:00 ; elapsed = 00:00:00.066 . Memory (MB): peak = 4124.105 ; gain = 0.000
Write Physdb Complete: Time (s): cpu = 00:00:09 ; elapsed = 00:00:03 . Memory (MB): peak = 4124.105 ; gain = 0.000
INFO: [Common 17-1381] The checkpoint 'D:/Hoc_Tap/Dai_hoc/HK6/DoAn1/Pipeline_RISCV/Pipeline_RISCV.runs/impl_1/design_1_wrapper_placed.dcp' has been generated.
write_checkpoint: Time (s): cpu = 00:00:11 ; elapsed = 00:00:06 . Memory (MB): peak = 4124.105 ; gain = 0.000
Command: phys_opt_design -directive Explore
Attempting to get a license for feature 'Implementation' and/or device 'xck26'
INFO: [Common 17-349] Got license for feature 'Implementation' and/or device 'xck26'
INFO: [Vivado_Tcl 4-137] Directive used for phys_opt_design is: Explore

Starting Initial Update Timing Task

Time (s): cpu = 00:00:18 ; elapsed = 00:00:12 . Memory (MB): peak = 4124.105 ; gain = 0.000
INFO: [Vivado_Tcl 4-2279] Estimated Timing Summary | WNS= 3.357 | TNS= 0.000 | 
INFO: [Vivado_Tcl 4-383] Design worst setup slack (WNS) is greater than or equal to 0.000 ns. All physical synthesis setup optimizations will be skipped.
INFO: [Vivado_Tcl 4-232] No setup violation found. The netlist was not modified.
INFO: [Common 17-83] Releasing license: Implementation
100 Infos, 0 Warnings, 0 Critical Warnings and 0 Errors encountered.
phys_opt_design completed successfully
phys_opt_design: Time (s): cpu = 00:00:18 ; elapsed = 00:00:12 . Memory (MB): peak = 4124.105 ; gain = 0.000
INFO: [Vivado 12-24828] Executing command : report_timing_summary -max_paths 10 -report_unconstrained -file phys_opt_report_timing_summary_0.rpt -pb phys_opt_report_timing_summary_0.pb -rpx phys_opt_report_timing_summary_0.rpx
INFO: [Timing 38-91] UpdateTimingParams: Speed grade: -2LV, Temperature grade: C, Delay Type: min_max.
INFO: [Timing 38-191] Multithreading enabled for timing update using a maximum of 2 CPUs
INFO: [Vivado 12-24828] Executing command : report_design_analysis -congestion -file phys_opt_report_design_analysis_0.rpt
generate_parallel_reports: Time (s): cpu = 00:00:11 ; elapsed = 00:00:07 . Memory (MB): peak = 4124.105 ; gain = 0.000
INFO: [Timing 38-480] Writing timing data to binary archive.
Write ShapeDB Complete: Time (s): cpu = 00:00:01 ; elapsed = 00:00:00.269 . Memory (MB): peak = 4124.105 ; gain = 0.000
Wrote PlaceDB: Time (s): cpu = 00:00:08 ; elapsed = 00:00:03 . Memory (MB): peak = 4124.105 ; gain = 0.000
Wrote PulsedLatchDB: Time (s): cpu = 00:00:00 ; elapsed = 00:00:00 . Memory (MB): peak = 4124.105 ; gain = 0.000
Writing XDEF routing.
Writing XDEF routing logical nets.
Writing XDEF routing special nets.
Wrote RouteStorage: Time (s): cpu = 00:00:00 ; elapsed = 00:00:00.173 . Memory (MB): peak = 4124.105 ; gain = 0.000
Wrote Netlist Cache: Time (s): cpu = 00:00:00 ; elapsed = 00:00:00.065 . Memory (MB): peak = 4124.105 ; gain = 0.000
Wrote Device Cache: Time (s): cpu = 00:00:00 ; elapsed = 00:00:00.086 . Memory (MB): peak = 4124.105 ; gain = 0.000
Write Physdb Complete: Time (s): cpu = 00:00:09 ; elapsed = 00:00:03 . Memory (MB): peak = 4124.105 ; gain = 0.000
INFO: [Common 17-1381] The checkpoint 'D:/Hoc_Tap/Dai_hoc/HK6/DoAn1/Pipeline_RISCV/Pipeline_RISCV.runs/impl_1/design_1_wrapper_physopt.dcp' has been generated.
write_checkpoint: Time (s): cpu = 00:00:12 ; elapsed = 00:00:06 . Memory (MB): peak = 4124.105 ; gain = 0.000
Command: route_design -directive Explore
Attempting to get a license for feature 'Implementation' and/or device 'xck26'
INFO: [Common 17-349] Got license for feature 'Implementation' and/or device 'xck26'


Starting Routing Task
INFO: [Route 35-270] Using Router directive 'Explore'.
INFO: [Route 35-254] Multithreading enabled for route_design using a maximum of 2 CPUs

Phase 1 Build RT Design
Checksum: PlaceDB: 971bd38e ConstDB: 0 ShapeSum: ce5ea9b7 RouteDB: 46d5a863
Nodegraph reading from file.  Time (s): cpu = 00:00:01 ; elapsed = 00:00:02 . Memory (MB): peak = 4124.105 ; gain = 0.000
Post Restoration Checksum: NetGraph: e1f56065 | NumContArr: b83bd49d | Constraints: 450379e2 | Timing: c2a8fa9d
Phase 1 Build RT Design | Checksum: 2a1dda981

Time (s): cpu = 00:00:27 ; elapsed = 00:00:17 . Memory (MB): peak = 4124.105 ; gain = 0.000

Phase 2 Router Initialization

Phase 2.1 Fix Topology Constraints
Phase 2.1 Fix Topology Constraints | Checksum: 2a1dda981

Time (s): cpu = 00:00:27 ; elapsed = 00:00:17 . Memory (MB): peak = 4124.105 ; gain = 0.000

Phase 2.2 Pre Route Cleanup
Phase 2.2 Pre Route Cleanup | Checksum: 2a1dda981

Time (s): cpu = 00:00:27 ; elapsed = 00:00:17 . Memory (MB): peak = 4124.105 ; gain = 0.000

Phase 2.3 Global Clock Net Routing
 Number of Nodes with overlaps = 0
Phase 2.3 Global Clock Net Routing | Checksum: 216b4fdc9

Time (s): cpu = 00:00:31 ; elapsed = 00:00:20 . Memory (MB): peak = 4124.105 ; gain = 0.000

Phase 2.4 Update Timing
Phase 2.4 Update Timing | Checksum: 1e9772c91

Time (s): cpu = 00:00:40 ; elapsed = 00:00:26 . Memory (MB): peak = 4124.105 ; gain = 0.000
INFO: [Route 35-416] Intermediate Timing Summary | WNS=3.587  | TNS=0.000  | WHS=-0.083 | THS=-213.832|


Phase 2.5 Soft Constraint Pins - Fast Budgeting
Phase 2.5 Soft Constraint Pins - Fast Budgeting | Checksum: 1f5d191d4

Time (s): cpu = 00:00:53 ; elapsed = 00:00:35 . Memory (MB): peak = 4124.105 ; gain = 0.000

Router Utilization Summary
  Global Vertical Routing Utilization    = 0 %
  Global Horizontal Routing Utilization  = 0 %
  Routable Net Status*
  *Does not include unroutable nets such as driverless and loadless.
  Run report_route_status for detailed report.
  Number of Failed Nets               = 21657
    (Failed Nets is the sum of unrouted and partially routed nets)
  Number of Unrouted Nets             = 17899
  Number of Partially Routed Nets     = 3758
  Number of Node Overlaps             = 0

Phase 2 Router Initialization | Checksum: 1ecf7bdfd

Time (s): cpu = 00:00:57 ; elapsed = 00:00:37 . Memory (MB): peak = 4124.105 ; gain = 0.000

Phase 3 Global Routing
Phase 3 Global Routing | Checksum: 1ecf7bdfd

Time (s): cpu = 00:00:57 ; elapsed = 00:00:37 . Memory (MB): peak = 4124.105 ; gain = 0.000

Phase 4 Initial Routing

Phase 4.1 Initial Net Routing Pass
Phase 4.1 Initial Net Routing Pass | Checksum: 1ca113d80

Time (s): cpu = 00:01:13 ; elapsed = 00:00:46 . Memory (MB): peak = 4124.105 ; gain = 0.000
Phase 4 Initial Routing | Checksum: 1f851e7b5

Time (s): cpu = 00:01:14 ; elapsed = 00:00:47 . Memory (MB): peak = 4124.105 ; gain = 0.000

Phase 5 Rip-up And Reroute

Phase 5.1 Global Iteration 0
 Number of Nodes with overlaps = 6098
 Number of Nodes with overlaps = 408
 Number of Nodes with overlaps = 20
 Number of Nodes with overlaps = 4
 Number of Nodes with overlaps = 1
 Number of Nodes with overlaps = 0
INFO: [Route 35-416] Intermediate Timing Summary | WNS=3.269  | TNS=0.000  | WHS=-0.046 | THS=-0.177 |

Phase 5.1 Global Iteration 0 | Checksum: 157d62e87

Time (s): cpu = 00:02:54 ; elapsed = 00:01:50 . Memory (MB): peak = 4124.105 ; gain = 0.000

Phase 5.2 Additional Iteration for Hold
Phase 5.2 Additional Iteration for Hold | Checksum: 133d530b0

Time (s): cpu = 00:02:54 ; elapsed = 00:01:50 . Memory (MB): peak = 4124.105 ; gain = 0.000
Phase 5 Rip-up And Reroute | Checksum: 133d530b0

Time (s): cpu = 00:02:54 ; elapsed = 00:01:50 . Memory (MB): peak = 4124.105 ; gain = 0.000

Phase 6 Delay and Skew Optimization

Phase 6.1 Delay CleanUp
INFO: [Route 35-416] Intermediate Timing Summary | WNS=3.269  | TNS=0.000  | WHS=0.011  | THS=0.000  |

INFO: [Route 35-416] Intermediate Timing Summary | WNS=3.269  | TNS=0.000  | WHS=0.011  | THS=0.000  |

Phase 6.1 Delay CleanUp | Checksum: 1ce3d4e19

Time (s): cpu = 00:03:05 ; elapsed = 00:01:56 . Memory (MB): peak = 4124.105 ; gain = 0.000

Phase 6.2 Clock Skew Optimization
Phase 6.2 Clock Skew Optimization | Checksum: 1ce3d4e19

Time (s): cpu = 00:03:05 ; elapsed = 00:01:57 . Memory (MB): peak = 4124.105 ; gain = 0.000
Phase 6 Delay and Skew Optimization | Checksum: 1ce3d4e19

Time (s): cpu = 00:03:05 ; elapsed = 00:01:57 . Memory (MB): peak = 4124.105 ; gain = 0.000

Phase 7 Post Hold Fix

Phase 7.1 Hold Fix Iter
INFO: [Route 35-416] Intermediate Timing Summary | WNS=3.269  | TNS=0.000  | WHS=0.011  | THS=0.000  |

Phase 7.1 Hold Fix Iter | Checksum: 1d48e6fac

Time (s): cpu = 00:03:12 ; elapsed = 00:02:01 . Memory (MB): peak = 4124.105 ; gain = 0.000
Phase 7 Post Hold Fix | Checksum: 1d48e6fac

Time (s): cpu = 00:03:12 ; elapsed = 00:02:01 . Memory (MB): peak = 4124.105 ; gain = 0.000

Phase 8 Route finalize

Router Utilization Summary
  Global Vertical Routing Utilization    = 2.60196 %
  Global Horizontal Routing Utilization  = 3.07922 %
  Routable Net Status*
  *Does not include unroutable nets such as driverless and loadless.
  Run report_route_status for detailed report.
  Number of Failed Nets               = 0
    (Failed Nets is the sum of unrouted and partially routed nets)
  Number of Unrouted Nets             = 0
  Number of Partially Routed Nets     = 0
  Number of Node Overlaps             = 0

Phase 8 Route finalize | Checksum: 1d48e6fac

Time (s): cpu = 00:03:13 ; elapsed = 00:02:01 . Memory (MB): peak = 4124.105 ; gain = 0.000

Phase 9 Verifying routed nets

 Verification completed successfully
Phase 9 Verifying routed nets | Checksum: 1d48e6fac

Time (s): cpu = 00:03:13 ; elapsed = 00:02:01 . Memory (MB): peak = 4124.105 ; gain = 0.000

Phase 10 Depositing Routes
Phase 10 Depositing Routes | Checksum: 1d48e6fac

Time (s): cpu = 00:03:17 ; elapsed = 00:02:04 . Memory (MB): peak = 4124.105 ; gain = 0.000

Phase 11 Resolve XTalk
Phase 11 Resolve XTalk | Checksum: 1d48e6fac

Time (s): cpu = 00:03:17 ; elapsed = 00:02:05 . Memory (MB): peak = 4124.105 ; gain = 0.000

Phase 12 Post Process Routing
Phase 12 Post Process Routing | Checksum: 1d48e6fac

Time (s): cpu = 00:03:17 ; elapsed = 00:02:05 . Memory (MB): peak = 4124.105 ; gain = 0.000

Phase 13 Route finalize
Phase 13 Route finalize | Checksum: 1d48e6fac

Time (s): cpu = 00:03:18 ; elapsed = 00:02:05 . Memory (MB): peak = 4124.105 ; gain = 0.000

Phase 14 Post Router Timing
INFO: [Route 35-20] Post Routing Timing Summary | WNS=3.289  | TNS=0.000  | WHS=0.011  | THS=0.000  |

Phase 14 Post Router Timing | Checksum: 13d2a72b4

Time (s): cpu = 00:03:37 ; elapsed = 00:02:17 . Memory (MB): peak = 4124.105 ; gain = 0.000
INFO: [Route 35-61] The design met the timing requirement.
Total Elapsed time in route_design: 137.037 secs

Phase 15 Post-Route Event Processing
Phase 15 Post-Route Event Processing | Checksum: 1dbe548b8

Time (s): cpu = 00:03:38 ; elapsed = 00:02:17 . Memory (MB): peak = 4124.105 ; gain = 0.000
INFO: [Route 35-16] Router Completed Successfully
Ending Routing Task | Checksum: 1dbe548b8

Time (s): cpu = 00:03:38 ; elapsed = 00:02:18 . Memory (MB): peak = 4124.105 ; gain = 0.000

Routing Is Done.
INFO: [Common 17-83] Releasing license: Implementation
118 Infos, 0 Warnings, 0 Critical Warnings and 0 Errors encountered.
route_design completed successfully
route_design: Time (s): cpu = 00:03:39 ; elapsed = 00:02:18 . Memory (MB): peak = 4124.105 ; gain = 0.000
INFO: [Vivado 12-24828] Executing command : report_drc -file route_report_drc_0.rpt -pb route_report_drc_0.pb -rpx route_report_drc_0.rpx
Command: report_drc -file route_report_drc_0.rpt -pb route_report_drc_0.pb -rpx route_report_drc_0.rpx
INFO: [IP_Flow 19-1839] IP Catalog is up to date.
INFO: [DRC 23-27] Running DRC with 2 threads
INFO: [Vivado_Tcl 2-168] The results of DRC are in file D:/Hoc_Tap/Dai_hoc/HK6/DoAn1/Pipeline_RISCV/Pipeline_RISCV.runs/impl_1/route_report_drc_0.rpt.
report_drc completed successfully
report_drc: Time (s): cpu = 00:00:18 ; elapsed = 00:00:11 . Memory (MB): peak = 4124.105 ; gain = 0.000
INFO: [Vivado 12-24828] Executing command : report_timing_summary -max_paths 10 -report_unconstrained -warn_on_violation -file route_report_timing_summary_0.rpt -pb route_report_timing_summary_0.pb -rpx route_report_timing_summary_0.rpx
INFO: [Timing 38-91] UpdateTimingParams: Speed grade: -2LV, Temperature grade: C, Delay Type: min_max.
INFO: [Timing 38-191] Multithreading enabled for timing update using a maximum of 2 CPUs
INFO: [Vivado 12-24838] Running report commands "report_incremental_reuse, report_route_status, report_utilization" in parallel.
Running report generation with 2 threads.
INFO: [Vivado 12-24828] Executing command : report_route_status -file route_report_route_status_0.rpt -pb route_report_route_status_0.pb
INFO: [Vivado 12-24828] Executing command : report_incremental_reuse -file route_report_incremental_reuse_0.rpt
INFO: [Vivado_Tcl 4-1062] Incremental flow is disabled. No incremental reuse Info to report.
INFO: [Vivado 12-24828] Executing command : report_utilization -file route_report_utilization_0.rpt -pb route_report_utilization_0.pb
INFO: [Vivado 12-24828] Executing command : report_power -file route_report_power_0.rpt -pb route_report_power_summary_0.pb -rpx route_report_power_0.rpx
Command: report_power -file route_report_power_0.rpt -pb route_report_power_summary_0.pb -rpx route_report_power_0.rpx
Running Vector-less Activity Propagation...

Finished Running Vector-less Activity Propagation
WARNING: [Power 33-332] Found switching activity that implies high-fanout reset nets being asserted for excessive periods of time which may result in inaccurate power analysis.
Resolution: To review and fix problems, please run Power Constraints Advisor in the GUI from Tools > Power Constraints Advisor or run report_power with the -advisory option to generate a text report.
131 Infos, 1 Warnings, 0 Critical Warnings and 0 Errors encountered.
report_power completed successfully
report_power: Time (s): cpu = 00:00:19 ; elapsed = 00:00:12 . Memory (MB): peak = 4124.105 ; gain = 0.000
INFO: [Vivado 12-24828] Executing command : report_bus_skew -warn_on_violation -file route_report_bus_skew_0.rpt -pb route_report_bus_skew_0.pb -rpx route_report_bus_skew_0.rpx
INFO: [Timing 38-91] UpdateTimingParams: Speed grade: -2LV, Temperature grade: C, Delay Type: min_max.
INFO: [Timing 38-191] Multithreading enabled for timing update using a maximum of 2 CPUs
generate_parallel_reports: Time (s): cpu = 00:00:42 ; elapsed = 00:00:26 . Memory (MB): peak = 4124.105 ; gain = 0.000
INFO: [Timing 38-480] Writing timing data to binary archive.
Write ShapeDB Complete: Time (s): cpu = 00:00:01 ; elapsed = 00:00:00.267 . Memory (MB): peak = 4124.105 ; gain = 0.000
Wrote PlaceDB: Time (s): cpu = 00:00:08 ; elapsed = 00:00:03 . Memory (MB): peak = 4124.105 ; gain = 0.000
Wrote PulsedLatchDB: Time (s): cpu = 00:00:00 ; elapsed = 00:00:00 . Memory (MB): peak = 4124.105 ; gain = 0.000
Writing XDEF routing.
Writing XDEF routing logical nets.
Writing XDEF routing special nets.
Wrote RouteStorage: Time (s): cpu = 00:00:02 ; elapsed = 00:00:00.681 . Memory (MB): peak = 4124.105 ; gain = 0.000
Wrote Netlist Cache: Time (s): cpu = 00:00:00 ; elapsed = 00:00:00.070 . Memory (MB): peak = 4124.105 ; gain = 0.000
Wrote Device Cache: Time (s): cpu = 00:00:00 ; elapsed = 00:00:00.067 . Memory (MB): peak = 4124.105 ; gain = 0.000
Write Physdb Complete: Time (s): cpu = 00:00:10 ; elapsed = 00:00:04 . Memory (MB): peak = 4124.105 ; gain = 0.000
INFO: [Common 17-1381] The checkpoint 'D:/Hoc_Tap/Dai_hoc/HK6/DoAn1/Pipeline_RISCV/Pipeline_RISCV.runs/impl_1/design_1_wrapper_routed.dcp' has been generated.
write_checkpoint: Time (s): cpu = 00:00:11 ; elapsed = 00:00:07 . Memory (MB): peak = 4124.105 ; gain = 0.000
INFO: [Common 17-206] Exiting Vivado at Sat May 16 13:25:45 2026...
